// Vitest Snapshot v1, https://vitest.dev/guide/snapshot.html

exports[`Does stuff 1`] = `
[
  "alpha_TEST_0",
  "beta_TEST_1",
]
`;

exports[`Does stuff 2`] = `
[
  "beta_TEST_0",
  "gamma_TEST_1",
]
`;
