// Vitest Snapshot v1, https://vitest.dev/guide/snapshot.html

exports[`General 1`] = `"Loading<div style=\\"display: none;\\"><!--Hooks(Async): subscribeToChanges--></div>"`;

exports[`General 2`] = `"Text: Test<!--Hooks(Async): subscribeToChanges-->"`;
