// Vitest Snapshot v1, https://vitest.dev/guide/snapshot.html

exports[`example 1 1`] = `"<div>LOADING...</div><div style=\\"display: none;\\"><!--Hooks(Async): trackSignals--></div>"`;

exports[`example 1 2`] = `"<div>RESULT: RESOLVED!</div><!--Hooks(Async): trackSignals-->"`;
