// Jest Snapshot v1, https://goo.gl/fbAQLP

exports[`Fallback is shown 1`] = `"<div>FALLBACK</div><div style="display: none;"><!--Hooks(Async): subscribeToChanges--></div>"`;

exports[`Fallback is shown and then content once loaded 1`] = `"<div>FALLBACK</div><div style="display: none;"><!--Hooks(Async): subscribeToChanges--></div>"`;

exports[`Fallback is shown and then content once loaded 2`] = `"<!--Hooks(Async): subscribeToChanges-->27"`;
