// Jest Snapshot v1, https://goo.gl/fbAQLP

exports[`Global style for component 1`] = `
"<style data-id="Component1">
._glbl0_Component1 {
    color: blue;
}
</style>"
`;

exports[`Global style for component 2`] = `"<!--Hooks(IncludeStylesheet): Mount, UnMount--><div class="_glbl0_Component1">This is an example</div>"`;

exports[`Global style for component with nested 1`] = `
"<style data-id="Component2">
._glbl0_Component2 {
    color: blue;
}
._glbl0_Component2 .inner {
    background-color: green;
}
</style>"
`;

exports[`Global style for component with nested 2`] = `"<!--Hooks(IncludeStylesheet): Mount, UnMount--><div class="_glbl0_Component2">This is an example<div class="inner"></div></div>"`;

exports[`Global stylesheet added 1`] = `
"<style data-id="Something">
._glbl0_Something body {
    background-color: red;
}
</style>"
`;
