// Vitest Snapshot v1, https://vitest.dev/guide/snapshot.html

exports[`Matches snapshot 1`] = `"<div style=\\"display: none;\\"><div>TEST CONTENT</div></div>"`;
