// Vitest Snapshot v1, https://vitest.dev/guide/snapshot.html

exports[`Portal elements unmount correctly (css class ref) 1`] = `
"<head><style data-id=\\"name\\">
.name div {
    color: red;
}
</style></head>"
`;

exports[`Portal elements unmount correctly (css class ref) 2`] = `"<body><div id=\\"host3\\"><div class=\\"name\\">MOUNTED</div></div><div>MOUNTED<!--Hooks(Portal): subscribeToChanges--><!--Hooks(TestComponent): onMount--></div></body>"`;

exports[`Portal elements unmount correctly (css class ref) 3`] = `"<head></head>"`;

exports[`Portal elements unmount correctly (css class ref) 4`] = `"<body><div id=\\"host3\\"></div><div>NOT MOUNTED</div></body>"`;

exports[`Portal elements unmount correctly (css class ref) 5`] = `
"<head><style data-id=\\"name\\">
.name div {
    color: red;
}
</style></head>"
`;

exports[`Portal elements unmount correctly (css class ref) 6`] = `"<body><div id=\\"host3\\"><div class=\\"name\\">MOUNTED</div></div><div>MOUNTED<!--Hooks(Portal): subscribeToChanges--><!--Hooks(TestComponent): onMount--></div></body>"`;

exports[`Portal elements unmount correctly (css class ref) 7`] = `"<head></head>"`;

exports[`Portal elements unmount correctly (css class ref) 8`] = `"<body><div id=\\"host3\\"></div></body>"`;
