// Vitest Snapshot v1, https://vitest.dev/guide/snapshot.html

exports[`Suspense displays children 1`] = `"<div>COMPLETE</div>"`;
