// Vitest Snapshot v1, https://vitest.dev/guide/snapshot.html

exports[`Mount is called in order 1`] = `
NodeList [
  <div>
    <em>
      1
    </em>
    <div>
      <div>
        <em>
          2
        </em>
        <div>
          <div>
            <em>
              3
            </em>
            <div />
          </div>
          <!--Hooks(TestingComponentWithChildren): onMount, onUnMount-->
        </div>
      </div>
      <!--Hooks(TestingComponentWithChildren): onMount, onUnMount-->
      <div>
        <em>
          4
        </em>
        <div />
      </div>
      <!--Hooks(TestingComponentWithChildren): onMount, onUnMount-->
    </div>
  </div>,
  <!--Hooks(TestingComponentWithChildren): onMount, onUnMount-->,
]
`;
