// Vitest Snapshot v1, https://vitest.dev/guide/snapshot.html

exports[`added and removed 1`] = `
"<head><style data-id="Test1">
.Test1 {
    color: green;
}
.Test1:hover {
    color: red;
}
</style></head>"
`;

exports[`added and removed 2`] = `"<head></head>"`;
