// Vitest Snapshot v1, https://vitest.dev/guide/snapshot.html

exports[`onMount 1`] = `"<div class=\\"error\\">Error: Error thrown on mount</div>"`;

exports[`subscribeToChanges 1`] = `"<div class=\\"error\\">Error: Error thrown on subscribeToChanges</div>"`;
