// Vitest Snapshot v1, https://vitest.dev/guide/snapshot.html

exports[`stringify 1 1`] = `
".test {
    color: green;
}
"
`;

exports[`stringify 1 2`] = `
"@media (screen) {
     {
    }

}
"
`;
