// Jest Snapshot v1, https://goo.gl/fbAQLP

exports[`Mount is called in order 1`] = `
NodeList [
  <!--Hooks(TestingComponentWithChildren): onMount, onUnMount-->,
  <div>
    <em>
      1
    </em>
    <div>
      <!--Hooks(TestingComponentWithChildren): onMount, onUnMount-->
      <div>
        <em>
          2
        </em>
        <div>
          <!--Hooks(TestingComponentWithChildren): onMount, onUnMount-->
          <div>
            <em>
              3
            </em>
            <div />
          </div>
        </div>
      </div>
      <!--Hooks(TestingComponentWithChildren): onMount, onUnMount-->
      <div>
        <em>
          4
        </em>
        <div />
      </div>
    </div>
  </div>,
]
`;
