// Vitest Snapshot v1, https://vitest.dev/guide/snapshot.html

exports[`Common case produces sensible result 1`] = `
".test {
    color: white;
    background: black;
}
"
`;

exports[`Self referential 1`] = `
".test .NestedOnce .test {
    color: green;
}
"
`;
