// Vitest Snapshot v1, https://vitest.dev/guide/snapshot.html

exports[`stringify 1 1`] = `
".test {
    color: green;
}
"
`;

exports[`stringify 2 1`] = `
"@media (screen) {
    .test {
        color: green;
    }
    #some_id {
        background-color: green;
    }
    body {
        background-color: green;
    }
}
"
`;
