// Jest Snapshot v1, https://goo.gl/fbAQLP

exports[`Mount is called in order 1`] = `
NodeList [
  <!--onUnmount(TestingComponentWithChildren)-->,
  <div>
    <em>
      1
    </em>
    <div>
      <!--onUnmount(TestingComponentWithChildren)-->
      <div>
        <em>
          2
        </em>
        <div>
          <!--onUnmount(TestingComponentWithChildren)-->
          <div>
            <em>
              3
            </em>
            <div />
          </div>
          <!--onMount(TestingComponentWithChildren)-->
        </div>
      </div>
      <!--onMount(TestingComponentWithChildren)-->
      <!--onUnmount(TestingComponentWithChildren)-->
      <div>
        <em>
          4
        </em>
        <div />
      </div>
      <!--onMount(TestingComponentWithChildren)-->
    </div>
  </div>,
  <!--onMount(TestingComponentWithChildren)-->,
]
`;
